============================= test session starts =============================
platform win32 -- Python 3.13.5, pytest-8.3.4, pluggy-1.5.0 -- D:\ProgramData\miniconda3\python.exe
cachedir: ..\.pytest_cache\backend
rootdir: D:\dreamer\Desktop\MyProjects\AIgument\backend
configfile: pytest.ini
plugins: langsmith-0.5.0, asyncio-1.3.0, cov-6.0.0, anyio-4.10.0
asyncio: mode=Mode.AUTO, debug=False, asyncio_default_fixture_loop_scope=function, asyncio_default_test_loop_scope=function
collecting ... collected 31 items / 1 error

=================================== ERRORS ====================================
__________________ ERROR collecting tests/test_dual_chat.py ___________________
ImportError while importing test module 'D:\dreamer\Desktop\MyProjects\AIgument\backend\tests\test_dual_chat.py'.
Hint: make sure your test modules/packages have valid Python names.
Traceback:
C:\Users\dreamer\AppData\Roaming\Python\Python313\site-packages\_pytest\python.py:493: in importtestmodule
    mod = import_path(
C:\Users\dreamer\AppData\Roaming\Python\Python313\site-packages\_pytest\pathlib.py:587: in import_path
    importlib.import_module(module_name)
D:\ProgramData\miniconda3\Lib\importlib\__init__.py:88: in import_module
    return _bootstrap._gcd_import(name[level:], package, level)
<frozen importlib._bootstrap>:1387: in _gcd_import
    ???
<frozen importlib._bootstrap>:1360: in _find_and_load
    ???
<frozen importlib._bootstrap>:1331: in _find_and_load_unlocked
    ???
<frozen importlib._bootstrap>:935: in _load_unlocked
    ???
C:\Users\dreamer\AppData\Roaming\Python\Python313\site-packages\_pytest\assertion\rewrite.py:184: in exec_module
    exec(co, module.__dict__)
tests\test_dual_chat.py:11: in <module>
    from services.dual_chat import DualChatService, create_dual_chat, PREDEFINED_ROLES
E   ImportError: cannot import name 'PREDEFINED_ROLES' from 'services.dual_chat' (D:\dreamer\Desktop\MyProjects\AIgument\backend\services\dual_chat.py)
=========================== short test summary info ===========================
ERROR tests/test_dual_chat.py
!!!!!!!!!!!!!!!!!!! Interrupted: 1 error during collection !!!!!!!!!!!!!!!!!!!!
============================== 1 error in 1.11s ===============================
